// Jest Snapshot v1, https://goo.gl/fbAQLP

exports[`Portal Portal renders correctly 1`] = `<div />`;
