// Jest Snapshot v1, https://goo.gl/fbAQLP

exports[`ConfirmationModal ConfirmationModal renders correctly 1`] = `<div />`;
