// Jest Snapshot v1, https://goo.gl/fbAQLP

exports[`UserList UserList renders correctly 1`] = `
<div>
  <div>
    <div>
      Filter:
      <input
        placeholder="Enter username"
        type="text"
        value=""
      />
    </div>
    <div
      class="UserList__Users-g96ac2-2 fpNOEP"
    />
  </div>
</div>
`;
